INFO  @ Wed, 02 Sep 2026 11:18:26: Parameters: /Users/lierika/miniconda3/envs/mageckenv/bin/mageck test -k filtered_counts_mageck.txt -t treatment -c control -n MAGECK_output/MAGECK_results 
INFO  @ Wed, 02 Sep 2026 11:18:26: Welcome to MAGeCK v0.5.9.5. Command: test 
INFO  @ Wed, 02 Sep 2026 11:18:26: Loading count table from filtered_counts_mageck.txt  
INFO  @ Wed, 02 Sep 2026 11:18:26: Processing 1 lines.. 
DEBUG @ Wed, 02 Sep 2026 11:18:26: Parsing error in line 1 (usually the header line). Skip this line. 
INFO  @ Wed, 02 Sep 2026 11:18:26: Loaded 63404 records. 
INFO  @ Wed, 02 Sep 2026 11:18:26: Loading Rnw template file: /Users/lierika/miniconda3/envs/mageckenv/lib/python3.10/site-packages/mageck/test_report.Rmd. 
DEBUG @ Wed, 02 Sep 2026 11:18:26: Setting up the visualization module... 
INFO  @ Wed, 02 Sep 2026 11:18:26: Loading R template file: /Users/lierika/miniconda3/envs/mageckenv/lib/python3.10/site-packages/mageck/plot_template.RTemplate. 
INFO  @ Wed, 02 Sep 2026 11:18:26: Loading R template file: /Users/lierika/miniconda3/envs/mageckenv/lib/python3.10/site-packages/mageck/plot_template_indvgene.RTemplate. 
INFO  @ Wed, 02 Sep 2026 11:18:26: Loading Rnw template file: /Users/lierika/miniconda3/envs/mageckenv/lib/python3.10/site-packages/mageck/plot_template.Rnw. 
DEBUG @ Wed, 02 Sep 2026 11:18:26: Setting up the visualization module... 
DEBUG @ Wed, 02 Sep 2026 11:18:26: Given sample labels: treatment 
DEBUG @ Wed, 02 Sep 2026 11:18:26: Converted index: 0 
INFO  @ Wed, 02 Sep 2026 11:18:26: Treatment samples:treatment 
INFO  @ Wed, 02 Sep 2026 11:18:26: Treatment sample index:0 
DEBUG @ Wed, 02 Sep 2026 11:18:26: Given sample labels: control 
DEBUG @ Wed, 02 Sep 2026 11:18:26: Converted index: 1 
INFO  @ Wed, 02 Sep 2026 11:18:26: Control samples:control 
INFO  @ Wed, 02 Sep 2026 11:18:26: Control sample index:1 
DEBUG @ Wed, 02 Sep 2026 11:18:26: Initial (total) size factor: 1.265924757910815 0.8264028188381269 
DEBUG @ Wed, 02 Sep 2026 11:18:26: Median factor: 1.1849059723587902 0.8882311833686551 
INFO  @ Wed, 02 Sep 2026 11:18:26: Final size factor: 1.1849059723587902 0.8882311833686551 
INFO  @ Wed, 02 Sep 2026 11:18:26: Detecting outliers from variance estimation.. Avg read count:[43.09176467859203], Var: [566.0491466564422] 
INFO  @ Wed, 02 Sep 2026 11:18:26: Skipping 254 sgRNAs from variance calculation because of their extreme high counts (> 4* STD (mean counts) ). 
DEBUG @ Wed, 02 Sep 2026 11:18:26: Adjusted model: 1.8103909836367054	0 
INFO  @ Wed, 02 Sep 2026 11:18:27: Before RRA, 51 sgRNAs are removed with zero counts in both group(s). 
INFO  @ Wed, 02 Sep 2026 11:18:27: Use qnorm to reversely calculate sgRNA scores ... 
DEBUG @ Wed, 02 Sep 2026 11:18:27: lower test FDR cutoff: 0.32279450065505977 
DEBUG @ Wed, 02 Sep 2026 11:18:27: higher test FDR cutoff: 0.28585860180259814 
INFO  @ Wed, 02 Sep 2026 11:18:27: Running command: RRA -i MAGECK_output/MAGECK_results.plow.txt -o MAGECK_output/MAGECK_results.gene.low.txt -p 0.32279450065505977 --skip-gene NA --skip-gene na  
INFO  @ Wed, 02 Sep 2026 11:18:43: Command message: 
INFO  @ Wed, 02 Sep 2026 11:18:43:   Welcome to RRA v 0.5.9. 
INFO  @ Wed, 02 Sep 2026 11:18:43:   Skipping gene NA for permutation ... 
INFO  @ Wed, 02 Sep 2026 11:18:43:   Skipping gene na for permutation ... 
INFO  @ Wed, 02 Sep 2026 11:18:43:   Reading input file... 
INFO  @ Wed, 02 Sep 2026 11:18:43:   Summary: 63353 sgRNAs, 20108 genes, 1 lists; skipped sgRNAs:0 
INFO  @ Wed, 02 Sep 2026 11:18:43:   Computing lo-values for each group... 
INFO  @ Wed, 02 Sep 2026 11:18:43:   Computing false discovery rate... 
INFO  @ Wed, 02 Sep 2026 11:18:43:   Permuting genes with 1 sgRNAs... 
INFO  @ Wed, 02 Sep 2026 11:18:43:   Permuting genes with 2 sgRNAs... 
INFO  @ Wed, 02 Sep 2026 11:18:43:   Permuting genes with 3 sgRNAs... 
INFO  @ Wed, 02 Sep 2026 11:18:43:   Permuting genes with 4 sgRNAs... 
INFO  @ Wed, 02 Sep 2026 11:18:43:   Permuting genes with 5 sgRNAs... 
INFO  @ Wed, 02 Sep 2026 11:18:43:   Permuting genes with 6 sgRNAs... 
INFO  @ Wed, 02 Sep 2026 11:18:43:   Permuting genes with 7 sgRNAs... 
INFO  @ Wed, 02 Sep 2026 11:18:43:   Permuting genes with 9 sgRNAs... 
INFO  @ Wed, 02 Sep 2026 11:18:43:   Permuting genes with 100 sgRNAs... 
INFO  @ Wed, 02 Sep 2026 11:18:43:   Number of genes under FDR adjustment: 20108 
INFO  @ Wed, 02 Sep 2026 11:18:43:   Saving to output file... 
INFO  @ Wed, 02 Sep 2026 11:18:43:   RRA completed. 
INFO  @ Wed, 02 Sep 2026 11:18:43:   Groups deletion complete. 
INFO  @ Wed, 02 Sep 2026 11:18:43:   Lists deletion complete. 
INFO  @ Wed, 02 Sep 2026 11:18:43:    
INFO  @ Wed, 02 Sep 2026 11:18:43: End command message. 
INFO  @ Wed, 02 Sep 2026 11:18:43: Running command: RRA -i MAGECK_output/MAGECK_results.phigh.txt -o MAGECK_output/MAGECK_results.gene.high.txt -p 0.28585860180259814 --skip-gene NA --skip-gene na  
INFO  @ Wed, 02 Sep 2026 11:18:58: Command message: 
INFO  @ Wed, 02 Sep 2026 11:18:58:   Welcome to RRA v 0.5.9. 
INFO  @ Wed, 02 Sep 2026 11:18:58:   Skipping gene NA for permutation ... 
INFO  @ Wed, 02 Sep 2026 11:18:58:   Skipping gene na for permutation ... 
INFO  @ Wed, 02 Sep 2026 11:18:58:   Reading input file... 
INFO  @ Wed, 02 Sep 2026 11:18:58:   Summary: 63353 sgRNAs, 20108 genes, 1 lists; skipped sgRNAs:0 
INFO  @ Wed, 02 Sep 2026 11:18:58:   Computing lo-values for each group... 
INFO  @ Wed, 02 Sep 2026 11:18:58:   Computing false discovery rate... 
INFO  @ Wed, 02 Sep 2026 11:18:58:   Permuting genes with 1 sgRNAs... 
INFO  @ Wed, 02 Sep 2026 11:18:58:   Permuting genes with 2 sgRNAs... 
INFO  @ Wed, 02 Sep 2026 11:18:58:   Permuting genes with 3 sgRNAs... 
INFO  @ Wed, 02 Sep 2026 11:18:58:   Permuting genes with 4 sgRNAs... 
INFO  @ Wed, 02 Sep 2026 11:18:58:   Permuting genes with 5 sgRNAs... 
INFO  @ Wed, 02 Sep 2026 11:18:58:   Permuting genes with 6 sgRNAs... 
INFO  @ Wed, 02 Sep 2026 11:18:58:   Permuting genes with 7 sgRNAs... 
INFO  @ Wed, 02 Sep 2026 11:18:58:   Permuting genes with 9 sgRNAs... 
INFO  @ Wed, 02 Sep 2026 11:18:58:   Permuting genes with 100 sgRNAs... 
INFO  @ Wed, 02 Sep 2026 11:18:58:   Number of genes under FDR adjustment: 20108 
INFO  @ Wed, 02 Sep 2026 11:18:58:   Saving to output file... 
INFO  @ Wed, 02 Sep 2026 11:18:58:   RRA completed. 
INFO  @ Wed, 02 Sep 2026 11:18:58:   Groups deletion complete. 
INFO  @ Wed, 02 Sep 2026 11:18:58:   Lists deletion complete. 
INFO  @ Wed, 02 Sep 2026 11:18:58:    
INFO  @ Wed, 02 Sep 2026 11:18:58: End command message. 
DEBUG @ Wed, 02 Sep 2026 11:18:58: Sorting the merged items by negative selection... 
INFO  @ Wed, 02 Sep 2026 11:18:58: Loading top 10 genes from MAGECK_output/MAGECK_results.gene.low.txt: ENSG00000089009.16,ENSG00000087191.14,ENSG00000104824.18,ENSG00000135972.9,ENSG00000255154.9,ENSG00000239900.14,ENSG00000077380.16,ENSG00000100575.14,ENSG00000108883.13,ENSG00000119616.11 
DEBUG @ Wed, 02 Sep 2026 11:18:58: Column index:3 
INFO  @ Wed, 02 Sep 2026 11:18:58: Loading top 10 genes from MAGECK_output/MAGECK_results.gene.high.txt: ENSG00000187642.10,ENSG00000132911.5,ENSG00000105675.9,ENSG00000250782.1,ENSG00000132554.21,ENSG00000176746.6,ENSG00000272856.2,ENSG00000131914.11,ENSG00000066427.25,ENSG00000114626.18 
DEBUG @ Wed, 02 Sep 2026 11:18:58: Column index:9 
INFO  @ Wed, 02 Sep 2026 11:18:58: Running command: rm MAGECK_output/MAGECK_results.plow.txt 
INFO  @ Wed, 02 Sep 2026 11:18:58: Running command: rm MAGECK_output/MAGECK_results.phigh.txt 
INFO  @ Wed, 02 Sep 2026 11:18:58: Running command: rm MAGECK_output/MAGECK_results.gene.low.txt 
INFO  @ Wed, 02 Sep 2026 11:18:58: Running command: rm MAGECK_output/MAGECK_results.gene.high.txt 
