INFO  @ Wed, 02 Sep 2026 15:08:35: Parameters: /Users/lierika/miniconda3/envs/mageckenv/bin/mageck test -k data/pooled_counts-DG_GOL_CP2240_A375_K562.txt -t A375_CP2240_repA,A375_CP2240_repB -c pDNA_CP2240 --control-sgrna control_mageck.txt -n MAGECK_output_full_sample/MAGECK_results 
INFO  @ Wed, 02 Sep 2026 15:08:35: Welcome to MAGeCK v0.5.9.5. Command: test 
INFO  @ Wed, 02 Sep 2026 15:08:35: Loading count table from data/pooled_counts-DG_GOL_CP2240_A375_K562.txt  
INFO  @ Wed, 02 Sep 2026 15:08:35: Processing 1 lines.. 
DEBUG @ Wed, 02 Sep 2026 15:08:35: Parsing error in line 1 (usually the header line). Skip this line. 
INFO  @ Wed, 02 Sep 2026 15:08:35: Loaded 63404 records. 
INFO  @ Wed, 02 Sep 2026 15:08:35: 984 out of 984 control sgRNAs are found in count table. 
INFO  @ Wed, 02 Sep 2026 15:08:35: Loading Rnw template file: /Users/lierika/miniconda3/envs/mageckenv/lib/python3.10/site-packages/mageck/test_report.Rmd. 
DEBUG @ Wed, 02 Sep 2026 15:08:35: Setting up the visualization module... 
INFO  @ Wed, 02 Sep 2026 15:08:35: Loading R template file: /Users/lierika/miniconda3/envs/mageckenv/lib/python3.10/site-packages/mageck/plot_template.RTemplate. 
INFO  @ Wed, 02 Sep 2026 15:08:35: Loading R template file: /Users/lierika/miniconda3/envs/mageckenv/lib/python3.10/site-packages/mageck/plot_template_indvgene.RTemplate. 
INFO  @ Wed, 02 Sep 2026 15:08:35: Loading Rnw template file: /Users/lierika/miniconda3/envs/mageckenv/lib/python3.10/site-packages/mageck/plot_template.Rnw. 
DEBUG @ Wed, 02 Sep 2026 15:08:35: Setting up the visualization module... 
DEBUG @ Wed, 02 Sep 2026 15:08:35: Given sample labels: A375_CP2240_repA,A375_CP2240_repB 
DEBUG @ Wed, 02 Sep 2026 15:08:35: Converted index: 0 1 
INFO  @ Wed, 02 Sep 2026 15:08:35: Treatment samples:A375_CP2240_repA,A375_CP2240_repB 
INFO  @ Wed, 02 Sep 2026 15:08:35: Treatment sample index:0,1 
DEBUG @ Wed, 02 Sep 2026 15:08:35: Given sample labels: pDNA_CP2240 
DEBUG @ Wed, 02 Sep 2026 15:08:35: Converted index: 5 
INFO  @ Wed, 02 Sep 2026 15:08:35: Control samples:pDNA_CP2240 
INFO  @ Wed, 02 Sep 2026 15:08:35: Control sample index:5 
DEBUG @ Wed, 02 Sep 2026 15:08:35: Initial (total) size factor: 3.8059925319393764 0.7323968039062646 0.7289286536855755 
DEBUG @ Wed, 02 Sep 2026 15:08:35: Median factor: 2.800941794273539 0.6126452668374237 0.6188470672650146 
INFO  @ Wed, 02 Sep 2026 15:08:35: Final size factor: 2.800941794273539 0.6126452668374237 0.6188470672650146 
INFO  @ Wed, 02 Sep 2026 15:08:35: Detecting outliers from variance estimation.. Avg read count:[742.2495754824878], Var: [161080.42194178136] 
INFO  @ Wed, 02 Sep 2026 15:08:35: Skipping 223 sgRNAs from variance calculation because of their extreme high counts (> 4* STD (mean counts) ). 
DEBUG @ Wed, 02 Sep 2026 15:08:35: Adjusted model: 1.1928526383163804	5.21656157753147 
INFO  @ Wed, 02 Sep 2026 15:08:36: Raw variance calculation: 0.0 for control, 1.0 for treatment 
INFO  @ Wed, 02 Sep 2026 15:08:36: Before RRA, 16 sgRNAs are removed with zero counts in both group(s). 
INFO  @ Wed, 02 Sep 2026 15:08:36: Use qnorm to reversely calculate sgRNA scores ... 
DEBUG @ Wed, 02 Sep 2026 15:08:36: lower test FDR cutoff: 0.25736732504575 
DEBUG @ Wed, 02 Sep 2026 15:08:36: higher test FDR cutoff: 0.37354073326181614 
INFO  @ Wed, 02 Sep 2026 15:08:36: Running command: RRA -i MAGECK_output_full_sample/MAGECK_results.plow.txt -o MAGECK_output_full_sample/MAGECK_results.gene.low.txt -p 0.25736732504575 --control control_mageck.txt --skip-gene NA --skip-gene na  
INFO  @ Wed, 02 Sep 2026 15:08:44: Command message: 
INFO  @ Wed, 02 Sep 2026 15:08:44:   Welcome to RRA v 0.5.9. 
INFO  @ Wed, 02 Sep 2026 15:08:44:   984 control sequences loaded. 
INFO  @ Wed, 02 Sep 2026 15:08:44:   Skipping gene NA for permutation ... 
INFO  @ Wed, 02 Sep 2026 15:08:44:   Skipping gene na for permutation ... 
INFO  @ Wed, 02 Sep 2026 15:08:44:   Reading input file... 
INFO  @ Wed, 02 Sep 2026 15:08:44:   Summary: 63388 sgRNAs, 20108 genes, 1 lists; skipped sgRNAs:0 
INFO  @ Wed, 02 Sep 2026 15:08:44:   Computing lo-values for each group... 
INFO  @ Wed, 02 Sep 2026 15:08:44:   Skipping gene ONE_INTERGENIC for permutation ... 
INFO  @ Wed, 02 Sep 2026 15:08:44:   Skipping gene ENSG00000285839.1 for permutation ... 
INFO  @ Wed, 02 Sep 2026 15:08:44:   Skipping gene ENSG00000272410.5 for permutation ... 
INFO  @ Wed, 02 Sep 2026 15:08:44:   Skipping gene ENSG00000254536.2 for permutation ... 
INFO  @ Wed, 02 Sep 2026 15:08:44:   Skipping gene ENSG00000293575.1 for permutation ... 
INFO  @ Wed, 02 Sep 2026 15:08:44:   Skipping gene ENSG00000282933.4 for permutation ... 
INFO  @ Wed, 02 Sep 2026 15:08:44:   Skipping gene ENSG00000285000.1 for permutation ... 
INFO  @ Wed, 02 Sep 2026 15:08:44:   Skipping gene ENSG00000289763.1 for permutation ... 
INFO  @ Wed, 02 Sep 2026 15:08:44:   Skipping gene ENSG00000289760.1 for permutation ... 
INFO  @ Wed, 02 Sep 2026 15:08:44:   Skipping gene ENSG00000261832.6 for permutation ... 
INFO  @ Wed, 02 Sep 2026 15:08:44:   Skipping gene ENSG00000281039.1 for permutation ... 
INFO  @ Wed, 02 Sep 2026 15:08:44:   Skipping gene ENSG00000106410.15 for permutation ... 
INFO  @ Wed, 02 Sep 2026 15:08:44:   Skipping gene ENSG00000274810.4 for permutation ... 
INFO  @ Wed, 02 Sep 2026 15:08:44:   Skipping gene ENSG00000239920.2 for permutation ... 
INFO  @ Wed, 02 Sep 2026 15:08:44:   Skipping gene ENSG00000258465.8 for permutation ... 
INFO  @ Wed, 02 Sep 2026 15:08:44:   Skipping gene ENSG00000254732.2 for permutation ... 
INFO  @ Wed, 02 Sep 2026 15:08:44:   Skipping gene ENSG00000273291.5 for permutation ... 
INFO  @ Wed, 02 Sep 2026 15:08:44:   Skipping gene ENSG00000256825.4 for permutation ... 
INFO  @ Wed, 02 Sep 2026 15:08:44:   Skipping gene ENSG00000257921.6 for permutation ... 
INFO  @ Wed, 02 Sep 2026 15:08:44:   Skipping gene ENSG00000171487.16 for permutation ... 
INFO  @ Wed, 02 Sep 2026 15:08:44:   Skipping gene ENSG00000243696.5 for permutation ... 
INFO  @ Wed, 02 Sep 2026 15:08:44:   Skipping gene ENSG00000285880.1 for permutation ... 
INFO  @ Wed, 02 Sep 2026 15:08:44:   Skipping gene ENSG00000281348.1 for permutation ... 
INFO  @ Wed, 02 Sep 2026 15:08:44:   Skipping gene ENSG00000288635.1 for permutation ... 
INFO  @ Wed, 02 Sep 2026 15:08:44:   Skipping gene ENSG00000276087.2 for permutation ... 
INFO  @ Wed, 02 Sep 2026 15:08:44:   Computing false discovery rate... 
INFO  @ Wed, 02 Sep 2026 15:08:44:   Total # control sgRNAs: 984 
INFO  @ Wed, 02 Sep 2026 15:08:44:   Permuting genes with 1 sgRNAs... 
INFO  @ Wed, 02 Sep 2026 15:08:44:   Permuting genes with 2 sgRNAs... 
INFO  @ Wed, 02 Sep 2026 15:08:44:   Permuting genes with 3 sgRNAs... 
INFO  @ Wed, 02 Sep 2026 15:08:44:   Permuting genes with 4 sgRNAs... 
INFO  @ Wed, 02 Sep 2026 15:08:44:   Permuting genes with 5 sgRNAs... 
INFO  @ Wed, 02 Sep 2026 15:08:44:   Permuting genes with 6 sgRNAs... 
INFO  @ Wed, 02 Sep 2026 15:08:44:   Permuting genes with 7 sgRNAs... 
INFO  @ Wed, 02 Sep 2026 15:08:44:   Permuting genes with 9 sgRNAs... 
INFO  @ Wed, 02 Sep 2026 15:08:44:   Permuting genes with 100 sgRNAs... 
INFO  @ Wed, 02 Sep 2026 15:08:44:   Number of genes under FDR adjustment: 20108 
INFO  @ Wed, 02 Sep 2026 15:08:44:   Saving to output file... 
INFO  @ Wed, 02 Sep 2026 15:08:44:   Suppressing the output of gene ENSG00000285839.1 since it is negative ontrol genes. 
INFO  @ Wed, 02 Sep 2026 15:08:44:   Suppressing the output of gene ENSG00000282933.4 since it is negative ontrol genes. 
INFO  @ Wed, 02 Sep 2026 15:08:44:   Suppressing the output of gene ENSG00000254536.2 since it is negative ontrol genes. 
INFO  @ Wed, 02 Sep 2026 15:08:44:   Suppressing the output of gene ENSG00000272410.5 since it is negative ontrol genes. 
INFO  @ Wed, 02 Sep 2026 15:08:44:   Suppressing the output of gene ENSG00000285000.1 since it is negative ontrol genes. 
INFO  @ Wed, 02 Sep 2026 15:08:44:   Suppressing the output of gene ENSG00000293575.1 since it is negative ontrol genes. 
INFO  @ Wed, 02 Sep 2026 15:08:44:   Suppressing the output of gene ENSG00000289763.1 since it is negative ontrol genes. 
INFO  @ Wed, 02 Sep 2026 15:08:44:   Suppressing the output of gene ENSG00000289760.1 since it is negative ontrol genes. 
INFO  @ Wed, 02 Sep 2026 15:08:44:   Suppressing the output of gene ENSG00000261832.6 since it is negative ontrol genes. 
INFO  @ Wed, 02 Sep 2026 15:08:44:   Suppressing the output of gene ENSG00000281039.1 since it is negative ontrol genes. 
INFO  @ Wed, 02 Sep 2026 15:08:44:   Suppressing the output of gene ENSG00000106410.15 since it is negative ontrol genes. 
INFO  @ Wed, 02 Sep 2026 15:08:44:   Suppressing the output of gene ENSG00000274810.4 since it is negative ontrol genes. 
INFO  @ Wed, 02 Sep 2026 15:08:44:   Suppressing the output of gene ENSG00000239920.2 since it is negative ontrol genes. 
INFO  @ Wed, 02 Sep 2026 15:08:44:   Suppressing the output of gene ENSG00000258465.8 since it is negative ontrol genes. 
INFO  @ Wed, 02 Sep 2026 15:08:44:   Suppressing the output of gene ENSG00000254732.2 since it is negative ontrol genes. 
INFO  @ Wed, 02 Sep 2026 15:08:44:   Suppressing the output of gene ENSG00000273291.5 since it is negative ontrol genes. 
INFO  @ Wed, 02 Sep 2026 15:08:44:   Suppressing the output of gene ENSG00000256825.4 since it is negative ontrol genes. 
INFO  @ Wed, 02 Sep 2026 15:08:44:   Suppressing the output of gene ENSG00000257921.6 since it is negative ontrol genes. 
INFO  @ Wed, 02 Sep 2026 15:08:44:   Suppressing the output of gene ENSG00000171487.16 since it is negative ontrol genes. 
INFO  @ Wed, 02 Sep 2026 15:08:44:   Suppressing the output of gene ENSG00000243696.5 since it is negative ontrol genes. 
INFO  @ Wed, 02 Sep 2026 15:08:44:   Suppressing the output of gene ENSG00000285880.1 since it is negative ontrol genes. 
INFO  @ Wed, 02 Sep 2026 15:08:44:   Suppressing the output of gene ENSG00000281348.1 since it is negative ontrol genes. 
INFO  @ Wed, 02 Sep 2026 15:08:44:   Suppressing the output of gene ENSG00000288635.1 since it is negative ontrol genes. 
INFO  @ Wed, 02 Sep 2026 15:08:44:   Suppressing the output of gene ENSG00000276087.2 since it is negative ontrol genes. 
INFO  @ Wed, 02 Sep 2026 15:08:44:   Suppressing the output of gene ONE_INTERGENIC since it is negative ontrol genes. 
INFO  @ Wed, 02 Sep 2026 15:08:44:   RRA completed. 
INFO  @ Wed, 02 Sep 2026 15:08:44:   Groups deletion complete. 
INFO  @ Wed, 02 Sep 2026 15:08:44:   Lists deletion complete. 
INFO  @ Wed, 02 Sep 2026 15:08:44:   ControlSeqPercentile deletion complete. 
INFO  @ Wed, 02 Sep 2026 15:08:44:    
INFO  @ Wed, 02 Sep 2026 15:08:44: End command message. 
INFO  @ Wed, 02 Sep 2026 15:08:44: Running command: RRA -i MAGECK_output_full_sample/MAGECK_results.phigh.txt -o MAGECK_output_full_sample/MAGECK_results.gene.high.txt -p 0.37354073326181614 --control control_mageck.txt --skip-gene NA --skip-gene na  
INFO  @ Wed, 02 Sep 2026 15:09:03: Command message: 
INFO  @ Wed, 02 Sep 2026 15:09:03:   Welcome to RRA v 0.5.9. 
INFO  @ Wed, 02 Sep 2026 15:09:03:   984 control sequences loaded. 
INFO  @ Wed, 02 Sep 2026 15:09:03:   Skipping gene NA for permutation ... 
INFO  @ Wed, 02 Sep 2026 15:09:03:   Skipping gene na for permutation ... 
INFO  @ Wed, 02 Sep 2026 15:09:03:   Reading input file... 
INFO  @ Wed, 02 Sep 2026 15:09:03:   Summary: 63388 sgRNAs, 20108 genes, 1 lists; skipped sgRNAs:0 
INFO  @ Wed, 02 Sep 2026 15:09:03:   Computing lo-values for each group... 
INFO  @ Wed, 02 Sep 2026 15:09:03:   Skipping gene ONE_INTERGENIC for permutation ... 
INFO  @ Wed, 02 Sep 2026 15:09:03:   Skipping gene ENSG00000106410.15 for permutation ... 
INFO  @ Wed, 02 Sep 2026 15:09:03:   Skipping gene ENSG00000276087.2 for permutation ... 
INFO  @ Wed, 02 Sep 2026 15:09:03:   Skipping gene ENSG00000281348.1 for permutation ... 
INFO  @ Wed, 02 Sep 2026 15:09:03:   Skipping gene ENSG00000239920.2 for permutation ... 
INFO  @ Wed, 02 Sep 2026 15:09:03:   Skipping gene ENSG00000281039.1 for permutation ... 
INFO  @ Wed, 02 Sep 2026 15:09:03:   Skipping gene ENSG00000257921.6 for permutation ... 
INFO  @ Wed, 02 Sep 2026 15:09:03:   Skipping gene ENSG00000285000.1 for permutation ... 
INFO  @ Wed, 02 Sep 2026 15:09:03:   Skipping gene ENSG00000293575.1 for permutation ... 
INFO  @ Wed, 02 Sep 2026 15:09:03:   Skipping gene ENSG00000243696.5 for permutation ... 
INFO  @ Wed, 02 Sep 2026 15:09:03:   Skipping gene ENSG00000273291.5 for permutation ... 
INFO  @ Wed, 02 Sep 2026 15:09:03:   Skipping gene ENSG00000288635.1 for permutation ... 
INFO  @ Wed, 02 Sep 2026 15:09:03:   Skipping gene ENSG00000171487.16 for permutation ... 
INFO  @ Wed, 02 Sep 2026 15:09:03:   Skipping gene ENSG00000258465.8 for permutation ... 
INFO  @ Wed, 02 Sep 2026 15:09:03:   Skipping gene ENSG00000285880.1 for permutation ... 
INFO  @ Wed, 02 Sep 2026 15:09:03:   Skipping gene ENSG00000261832.6 for permutation ... 
INFO  @ Wed, 02 Sep 2026 15:09:03:   Skipping gene ENSG00000254536.2 for permutation ... 
INFO  @ Wed, 02 Sep 2026 15:09:03:   Skipping gene ENSG00000274810.4 for permutation ... 
INFO  @ Wed, 02 Sep 2026 15:09:03:   Skipping gene ENSG00000256825.4 for permutation ... 
INFO  @ Wed, 02 Sep 2026 15:09:03:   Skipping gene ENSG00000289760.1 for permutation ... 
INFO  @ Wed, 02 Sep 2026 15:09:03:   Skipping gene ENSG00000254732.2 for permutation ... 
INFO  @ Wed, 02 Sep 2026 15:09:03:   Skipping gene ENSG00000272410.5 for permutation ... 
INFO  @ Wed, 02 Sep 2026 15:09:03:   Skipping gene ENSG00000289763.1 for permutation ... 
INFO  @ Wed, 02 Sep 2026 15:09:03:   Skipping gene ENSG00000282933.4 for permutation ... 
INFO  @ Wed, 02 Sep 2026 15:09:03:   Skipping gene ENSG00000285839.1 for permutation ... 
INFO  @ Wed, 02 Sep 2026 15:09:03:   Computing false discovery rate... 
INFO  @ Wed, 02 Sep 2026 15:09:03:   Total # control sgRNAs: 984 
INFO  @ Wed, 02 Sep 2026 15:09:03:   Permuting genes with 1 sgRNAs... 
INFO  @ Wed, 02 Sep 2026 15:09:03:   Permuting genes with 2 sgRNAs... 
INFO  @ Wed, 02 Sep 2026 15:09:03:   Permuting genes with 3 sgRNAs... 
INFO  @ Wed, 02 Sep 2026 15:09:03:   Permuting genes with 4 sgRNAs... 
INFO  @ Wed, 02 Sep 2026 15:09:03:   Permuting genes with 5 sgRNAs... 
INFO  @ Wed, 02 Sep 2026 15:09:03:   Permuting genes with 6 sgRNAs... 
INFO  @ Wed, 02 Sep 2026 15:09:03:   Permuting genes with 7 sgRNAs... 
INFO  @ Wed, 02 Sep 2026 15:09:03:   Permuting genes with 9 sgRNAs... 
INFO  @ Wed, 02 Sep 2026 15:09:03:   Permuting genes with 100 sgRNAs... 
INFO  @ Wed, 02 Sep 2026 15:09:03:   Number of genes under FDR adjustment: 20108 
INFO  @ Wed, 02 Sep 2026 15:09:03:   Saving to output file... 
INFO  @ Wed, 02 Sep 2026 15:09:03:   Suppressing the output of gene ONE_INTERGENIC since it is negative ontrol genes. 
INFO  @ Wed, 02 Sep 2026 15:09:03:   Suppressing the output of gene ENSG00000281039.1 since it is negative ontrol genes. 
INFO  @ Wed, 02 Sep 2026 15:09:03:   Suppressing the output of gene ENSG00000276087.2 since it is negative ontrol genes. 
INFO  @ Wed, 02 Sep 2026 15:09:03:   Suppressing the output of gene ENSG00000106410.15 since it is negative ontrol genes. 
INFO  @ Wed, 02 Sep 2026 15:09:03:   Suppressing the output of gene ENSG00000285880.1 since it is negative ontrol genes. 
INFO  @ Wed, 02 Sep 2026 15:09:03:   Suppressing the output of gene ENSG00000257921.6 since it is negative ontrol genes. 
INFO  @ Wed, 02 Sep 2026 15:09:03:   Suppressing the output of gene ENSG00000281348.1 since it is negative ontrol genes. 
INFO  @ Wed, 02 Sep 2026 15:09:03:   Suppressing the output of gene ENSG00000239920.2 since it is negative ontrol genes. 
INFO  @ Wed, 02 Sep 2026 15:09:03:   Suppressing the output of gene ENSG00000243696.5 since it is negative ontrol genes. 
INFO  @ Wed, 02 Sep 2026 15:09:03:   Suppressing the output of gene ENSG00000261832.6 since it is negative ontrol genes. 
INFO  @ Wed, 02 Sep 2026 15:09:03:   Suppressing the output of gene ENSG00000285000.1 since it is negative ontrol genes. 
INFO  @ Wed, 02 Sep 2026 15:09:03:   Suppressing the output of gene ENSG00000171487.16 since it is negative ontrol genes. 
INFO  @ Wed, 02 Sep 2026 15:09:03:   Suppressing the output of gene ENSG00000288635.1 since it is negative ontrol genes. 
INFO  @ Wed, 02 Sep 2026 15:09:03:   Suppressing the output of gene ENSG00000293575.1 since it is negative ontrol genes. 
INFO  @ Wed, 02 Sep 2026 15:09:03:   Suppressing the output of gene ENSG00000273291.5 since it is negative ontrol genes. 
INFO  @ Wed, 02 Sep 2026 15:09:03:   Suppressing the output of gene ENSG00000258465.8 since it is negative ontrol genes. 
INFO  @ Wed, 02 Sep 2026 15:09:03:   Suppressing the output of gene ENSG00000254536.2 since it is negative ontrol genes. 
INFO  @ Wed, 02 Sep 2026 15:09:03:   Suppressing the output of gene ENSG00000274810.4 since it is negative ontrol genes. 
INFO  @ Wed, 02 Sep 2026 15:09:03:   Suppressing the output of gene ENSG00000256825.4 since it is negative ontrol genes. 
INFO  @ Wed, 02 Sep 2026 15:09:03:   Suppressing the output of gene ENSG00000289760.1 since it is negative ontrol genes. 
INFO  @ Wed, 02 Sep 2026 15:09:03:   Suppressing the output of gene ENSG00000254732.2 since it is negative ontrol genes. 
INFO  @ Wed, 02 Sep 2026 15:09:03:   Suppressing the output of gene ENSG00000272410.5 since it is negative ontrol genes. 
INFO  @ Wed, 02 Sep 2026 15:09:03:   Suppressing the output of gene ENSG00000289763.1 since it is negative ontrol genes. 
INFO  @ Wed, 02 Sep 2026 15:09:03:   Suppressing the output of gene ENSG00000282933.4 since it is negative ontrol genes. 
INFO  @ Wed, 02 Sep 2026 15:09:03:   Suppressing the output of gene ENSG00000285839.1 since it is negative ontrol genes. 
INFO  @ Wed, 02 Sep 2026 15:09:03:   RRA completed. 
INFO  @ Wed, 02 Sep 2026 15:09:03:   Groups deletion complete. 
INFO  @ Wed, 02 Sep 2026 15:09:03:   Lists deletion complete. 
INFO  @ Wed, 02 Sep 2026 15:09:03:   ControlSeqPercentile deletion complete. 
INFO  @ Wed, 02 Sep 2026 15:09:03:    
INFO  @ Wed, 02 Sep 2026 15:09:03: End command message. 
DEBUG @ Wed, 02 Sep 2026 15:09:03: Sorting the merged items by negative selection... 
INFO  @ Wed, 02 Sep 2026 15:09:03: Loading top 10 genes from MAGECK_output_full_sample/MAGECK_results.gene.low.txt: ENSG00000087191.14,ENSG00000215472.10,ENSG00000119616.11,ENSG00000164338.10,ENSG00000143374.18,ENSG00000077380.16,ENSG00000104824.18,ENSG00000100865.15,ENSG00000172809.13,ENSG00000113734.18 
DEBUG @ Wed, 02 Sep 2026 15:09:03: Column index:3 
INFO  @ Wed, 02 Sep 2026 15:09:03: Loading top 10 genes from MAGECK_output_full_sample/MAGECK_results.gene.high.txt: ENSG00000102243.13,ENSG00000141510.19,ENSG00000160551.12,ENSG00000187642.10,ENSG00000107020.10,ENSG00000106278.12,ENSG00000170027.7,ENSG00000065029.15,ENSG00000150457.9,ENSG00000151917.18 
DEBUG @ Wed, 02 Sep 2026 15:09:03: Column index:9 
INFO  @ Wed, 02 Sep 2026 15:09:03: Running command: rm MAGECK_output_full_sample/MAGECK_results.plow.txt 
INFO  @ Wed, 02 Sep 2026 15:09:03: Running command: rm MAGECK_output_full_sample/MAGECK_results.phigh.txt 
INFO  @ Wed, 02 Sep 2026 15:09:03: Running command: rm MAGECK_output_full_sample/MAGECK_results.gene.low.txt 
INFO  @ Wed, 02 Sep 2026 15:09:03: Running command: rm MAGECK_output_full_sample/MAGECK_results.gene.high.txt 
