INFO  @ Wed, 02 Sep 2026 16:13:14: Parameters: /Users/lierika/miniconda3/envs/mageckenv/bin/mageck test -k data/pooled_counts-DG_GOL_CP2240_A375_K562.txt -t A375_CP2240_repA,A375_CP2240_repB -c pDNA_CP2240 -n MAGECK_output_full_sample_default/MAGECK_results 
INFO  @ Wed, 02 Sep 2026 16:13:14: Welcome to MAGeCK v0.5.9.5. Command: test 
INFO  @ Wed, 02 Sep 2026 16:13:14: Loading count table from data/pooled_counts-DG_GOL_CP2240_A375_K562.txt  
INFO  @ Wed, 02 Sep 2026 16:13:14: Processing 1 lines.. 
DEBUG @ Wed, 02 Sep 2026 16:13:14: Parsing error in line 1 (usually the header line). Skip this line. 
INFO  @ Wed, 02 Sep 2026 16:13:14: Loaded 63404 records. 
INFO  @ Wed, 02 Sep 2026 16:13:14: Loading Rnw template file: /Users/lierika/miniconda3/envs/mageckenv/lib/python3.10/site-packages/mageck/test_report.Rmd. 
DEBUG @ Wed, 02 Sep 2026 16:13:14: Setting up the visualization module... 
INFO  @ Wed, 02 Sep 2026 16:13:14: Loading R template file: /Users/lierika/miniconda3/envs/mageckenv/lib/python3.10/site-packages/mageck/plot_template.RTemplate. 
INFO  @ Wed, 02 Sep 2026 16:13:14: Loading R template file: /Users/lierika/miniconda3/envs/mageckenv/lib/python3.10/site-packages/mageck/plot_template_indvgene.RTemplate. 
INFO  @ Wed, 02 Sep 2026 16:13:14: Loading Rnw template file: /Users/lierika/miniconda3/envs/mageckenv/lib/python3.10/site-packages/mageck/plot_template.Rnw. 
DEBUG @ Wed, 02 Sep 2026 16:13:14: Setting up the visualization module... 
DEBUG @ Wed, 02 Sep 2026 16:13:14: Given sample labels: A375_CP2240_repA,A375_CP2240_repB 
DEBUG @ Wed, 02 Sep 2026 16:13:14: Converted index: 0 1 
INFO  @ Wed, 02 Sep 2026 16:13:14: Treatment samples:A375_CP2240_repA,A375_CP2240_repB 
INFO  @ Wed, 02 Sep 2026 16:13:14: Treatment sample index:0,1 
DEBUG @ Wed, 02 Sep 2026 16:13:14: Given sample labels: pDNA_CP2240 
DEBUG @ Wed, 02 Sep 2026 16:13:14: Converted index: 5 
INFO  @ Wed, 02 Sep 2026 16:13:14: Control samples:pDNA_CP2240 
INFO  @ Wed, 02 Sep 2026 16:13:14: Control sample index:5 
DEBUG @ Wed, 02 Sep 2026 16:13:14: Initial (total) size factor: 3.8059925319393764 0.7323968039062646 0.7289286536855755 
DEBUG @ Wed, 02 Sep 2026 16:13:14: Median factor: 2.800941794273539 0.6126452668374237 0.6188470672650146 
INFO  @ Wed, 02 Sep 2026 16:13:14: Final size factor: 2.800941794273539 0.6126452668374237 0.6188470672650146 
INFO  @ Wed, 02 Sep 2026 16:13:14: Detecting outliers from variance estimation.. Avg read count:[742.2495754824878], Var: [161080.42194178136] 
INFO  @ Wed, 02 Sep 2026 16:13:14: Skipping 223 sgRNAs from variance calculation because of their extreme high counts (> 4* STD (mean counts) ). 
DEBUG @ Wed, 02 Sep 2026 16:13:14: Adjusted model: 1.1928526383163804	5.21656157753147 
INFO  @ Wed, 02 Sep 2026 16:13:14: Raw variance calculation: 0.0 for control, 1.0 for treatment 
INFO  @ Wed, 02 Sep 2026 16:13:14: Before RRA, 16 sgRNAs are removed with zero counts in both group(s). 
INFO  @ Wed, 02 Sep 2026 16:13:14: Use qnorm to reversely calculate sgRNA scores ... 
DEBUG @ Wed, 02 Sep 2026 16:13:15: lower test FDR cutoff: 0.25736732504575 
DEBUG @ Wed, 02 Sep 2026 16:13:15: higher test FDR cutoff: 0.37354073326181614 
INFO  @ Wed, 02 Sep 2026 16:13:15: Running command: RRA -i MAGECK_output_full_sample_default/MAGECK_results.plow.txt -o MAGECK_output_full_sample_default/MAGECK_results.gene.low.txt -p 0.25736732504575 --skip-gene NA --skip-gene na  
INFO  @ Wed, 02 Sep 2026 16:13:29: Command message: 
INFO  @ Wed, 02 Sep 2026 16:13:29:   Welcome to RRA v 0.5.9. 
INFO  @ Wed, 02 Sep 2026 16:13:29:   Skipping gene NA for permutation ... 
INFO  @ Wed, 02 Sep 2026 16:13:29:   Skipping gene na for permutation ... 
INFO  @ Wed, 02 Sep 2026 16:13:29:   Reading input file... 
INFO  @ Wed, 02 Sep 2026 16:13:29:   Summary: 63388 sgRNAs, 20108 genes, 1 lists; skipped sgRNAs:0 
INFO  @ Wed, 02 Sep 2026 16:13:29:   Computing lo-values for each group... 
INFO  @ Wed, 02 Sep 2026 16:13:29:   Computing false discovery rate... 
INFO  @ Wed, 02 Sep 2026 16:13:29:   Permuting genes with 1 sgRNAs... 
INFO  @ Wed, 02 Sep 2026 16:13:29:   Permuting genes with 2 sgRNAs... 
INFO  @ Wed, 02 Sep 2026 16:13:29:   Permuting genes with 3 sgRNAs... 
INFO  @ Wed, 02 Sep 2026 16:13:29:   Permuting genes with 4 sgRNAs... 
INFO  @ Wed, 02 Sep 2026 16:13:29:   Permuting genes with 5 sgRNAs... 
INFO  @ Wed, 02 Sep 2026 16:13:29:   Permuting genes with 6 sgRNAs... 
INFO  @ Wed, 02 Sep 2026 16:13:29:   Permuting genes with 7 sgRNAs... 
INFO  @ Wed, 02 Sep 2026 16:13:29:   Permuting genes with 9 sgRNAs... 
INFO  @ Wed, 02 Sep 2026 16:13:29:   Permuting genes with 100 sgRNAs... 
INFO  @ Wed, 02 Sep 2026 16:13:29:   Number of genes under FDR adjustment: 20108 
INFO  @ Wed, 02 Sep 2026 16:13:29:   Saving to output file... 
INFO  @ Wed, 02 Sep 2026 16:13:29:   RRA completed. 
INFO  @ Wed, 02 Sep 2026 16:13:29:   Groups deletion complete. 
INFO  @ Wed, 02 Sep 2026 16:13:29:   Lists deletion complete. 
INFO  @ Wed, 02 Sep 2026 16:13:29:    
INFO  @ Wed, 02 Sep 2026 16:13:29: End command message. 
INFO  @ Wed, 02 Sep 2026 16:13:29: Running command: RRA -i MAGECK_output_full_sample_default/MAGECK_results.phigh.txt -o MAGECK_output_full_sample_default/MAGECK_results.gene.high.txt -p 0.37354073326181614 --skip-gene NA --skip-gene na  
INFO  @ Wed, 02 Sep 2026 16:13:46: Command message: 
INFO  @ Wed, 02 Sep 2026 16:13:46:   Welcome to RRA v 0.5.9. 
INFO  @ Wed, 02 Sep 2026 16:13:46:   Skipping gene NA for permutation ... 
INFO  @ Wed, 02 Sep 2026 16:13:46:   Skipping gene na for permutation ... 
INFO  @ Wed, 02 Sep 2026 16:13:46:   Reading input file... 
INFO  @ Wed, 02 Sep 2026 16:13:46:   Summary: 63388 sgRNAs, 20108 genes, 1 lists; skipped sgRNAs:0 
INFO  @ Wed, 02 Sep 2026 16:13:46:   Computing lo-values for each group... 
INFO  @ Wed, 02 Sep 2026 16:13:46:   Computing false discovery rate... 
INFO  @ Wed, 02 Sep 2026 16:13:46:   Permuting genes with 1 sgRNAs... 
INFO  @ Wed, 02 Sep 2026 16:13:46:   Permuting genes with 2 sgRNAs... 
INFO  @ Wed, 02 Sep 2026 16:13:46:   Permuting genes with 3 sgRNAs... 
INFO  @ Wed, 02 Sep 2026 16:13:46:   Permuting genes with 4 sgRNAs... 
INFO  @ Wed, 02 Sep 2026 16:13:46:   Permuting genes with 5 sgRNAs... 
INFO  @ Wed, 02 Sep 2026 16:13:46:   Permuting genes with 6 sgRNAs... 
INFO  @ Wed, 02 Sep 2026 16:13:46:   Permuting genes with 7 sgRNAs... 
INFO  @ Wed, 02 Sep 2026 16:13:46:   Permuting genes with 9 sgRNAs... 
INFO  @ Wed, 02 Sep 2026 16:13:46:   Permuting genes with 100 sgRNAs... 
INFO  @ Wed, 02 Sep 2026 16:13:46:   Number of genes under FDR adjustment: 20108 
INFO  @ Wed, 02 Sep 2026 16:13:46:   Saving to output file... 
INFO  @ Wed, 02 Sep 2026 16:13:46:   RRA completed. 
INFO  @ Wed, 02 Sep 2026 16:13:46:   Groups deletion complete. 
INFO  @ Wed, 02 Sep 2026 16:13:46:   Lists deletion complete. 
INFO  @ Wed, 02 Sep 2026 16:13:46:    
INFO  @ Wed, 02 Sep 2026 16:13:46: End command message. 
DEBUG @ Wed, 02 Sep 2026 16:13:46: Sorting the merged items by negative selection... 
INFO  @ Wed, 02 Sep 2026 16:13:46: Loading top 10 genes from MAGECK_output_full_sample_default/MAGECK_results.gene.low.txt: ENSG00000087191.14,ENSG00000215472.10,ENSG00000119616.11,ENSG00000164338.10,ENSG00000143374.18,ENSG00000077380.16,ENSG00000104824.18,ENSG00000100865.15,ENSG00000172809.13,ENSG00000113734.18 
DEBUG @ Wed, 02 Sep 2026 16:13:46: Column index:3 
INFO  @ Wed, 02 Sep 2026 16:13:46: Loading top 10 genes from MAGECK_output_full_sample_default/MAGECK_results.gene.high.txt: ENSG00000102243.13,ENSG00000141510.19,ENSG00000160551.12,ENSG00000187642.10,ENSG00000107020.10,ENSG00000106278.12,ENSG00000170027.7,ENSG00000065029.15,ENSG00000150457.9,ENSG00000151917.18 
DEBUG @ Wed, 02 Sep 2026 16:13:46: Column index:9 
INFO  @ Wed, 02 Sep 2026 16:13:46: Running command: rm MAGECK_output_full_sample_default/MAGECK_results.plow.txt 
INFO  @ Wed, 02 Sep 2026 16:13:47: Running command: rm MAGECK_output_full_sample_default/MAGECK_results.phigh.txt 
INFO  @ Wed, 02 Sep 2026 16:13:47: Running command: rm MAGECK_output_full_sample_default/MAGECK_results.gene.low.txt 
INFO  @ Wed, 02 Sep 2026 16:13:47: Running command: rm MAGECK_output_full_sample_default/MAGECK_results.gene.high.txt 
